./gradlew : e: file:///C:/Users/gomin/AndroidStudioProjects/lessonschedule/app/build.gradle.kts:11:5: None of the follo
wing candidates is applicable:
строка:1 знак:1
+ ./gradlew build -x test -x lint > build_error.log 2>&1
+ ~~~~~~~~~~~~~~~~~~~~~~~~~~~~~~~~~~~~~~~~~~~~~~~~~~~~~~
    + CategoryInfo          : NotSpecified: (e: file:///C:/U... is applicable::String) [], RemoteException
    + FullyQualifiedErrorId : NativeCommandError
 

fun <T : Any> Action<in T>.invoke(target: T): Unit:
  Unresolved reference. None of the following candidates is applicable because of a receiver type mismatch:

> Configure project :app
fun <T : Any> Action<in T>.invoke(target: T): Unit

fun ArtifactHandler.invoke(configuration: ArtifactHandlerScope.() -> Unit): Unit:
  Unresolved reference. None of the following candidates is applicable because of a receiver type mismatch:
fun ArtifactHandler.invoke(configuration: ArtifactHandlerScope.() -> Unit): Unit

fun <V> Callable<V>.invoke(): V:
  Unresolved reference. None of the following candidates is applicable because of a receiver type mismatch:
fun <V> Callable<V>.invoke(): V

fun <D : ModuleDependency> DependencyModifier.invoke(dependency: D): D:
  Unresolved reference. None of the following candidates is applicable because of a receiver type mismatch:
fun <D : ModuleDependency> DependencyModifier.invoke(dependency: D): D

fun DependencyModifier.invoke(dependencyNotation: CharSequence): ExternalModuleDependency:
  Unresolved reference. None of the following candidates is applicable because of a receiver type mismatch:
fun DependencyModifier.invoke(dependencyNotation: CharSequence): ExternalModuleDependency

fun DependencyModifier.invoke(dependency: Provider<out ModuleDependency>): Provider<out ModuleDependency>:
  Unresolved reference. None of the following candidates is applicable because of a receiver type mismatch:
fun DependencyModifier.invoke(dependency: Provider<out ModuleDependency>): Provider<out ModuleDependency>

fun DependencyCollector.invoke(dependencyNotation: CharSequence): Unit:
  Unresolved reference. None of the following candidates is applicable because of a receiver type mismatch:
fun DependencyCollector.invoke(dependencyNotation: CharSequence): Unit

fun DependencyCollector.invoke(files: FileCollection): Unit:
  Unresolved reference. None of the following candidates is applicable because of a receiver type mismatch:
fun DependencyCollector.invoke(files: FileCollection): Unit

fun DependencyCollector.invoke(dependency: Dependency): Unit:
  Unresolved reference. None of the following candidates is applicable because of a receiver type mismatch:
fun DependencyCollector.invoke(dependency: Dependency): Unit

fun DependencyCollector.invoke(dependency: Provider<out Dependency>): Unit:
  Unresolved reference. None of the following candidates is applicable because of a receiver type mismatch:
fun DependencyCollector.invoke(dependency: Provider<out Dependency>): Unit

fun DependencyCollector.invoke(dependencyConstraint: DependencyConstraint): Unit:
  Unresolved reference. None of the following candidates is applicable because of a receiver type mismatch:
fun DependencyCollector.invoke(dependencyConstraint: DependencyConstraint): Unit

fun DependencyCollector.invoke(dependencyConstraint: Provider<out DependencyConstraint>): Unit:
  Unresolved reference. None of the following candidates is applicable because of a receiver type mismatch:
fun DependencyCollector.invoke(dependencyConstraint: Provider<out DependencyConstraint>): Unit

fun DependencyConstraintHandler.invoke(configuration: DependencyConstraintHandlerScope.() -> Unit): Unit:
  Unresolved reference. None of the following candidates is applicable because of a receiver type mismatch:
fun DependencyConstraintHandler.invoke(configuration: DependencyConstraintHandlerScope.() -> Unit): Unit

fun <T> ExtraPropertiesExtension.invoke(initialValueProvider: () -> T): InitialValueExtraPropertyDelegateProvider<T>:
  Unresolved reference. None of the following candidates is applicable because of a receiver type mismatch:
fun <T> ExtraPropertiesExtension.invoke(initialValueProvider: () -> T): InitialValueExtraPropertyDelegateProvider<T>

fun <T> ExtraPropertiesExtension.invoke(initialValue: T): InitialValueExtraPropertyDelegateProvider<T>:
  Unresolved reference. None of the following candidates is applicable because of a receiver type mismatch:
fun <T> ExtraPropertiesExtension.invoke(initialValue: T): InitialValueExtraPropertyDelegateProvider<T>

fun <T> Closure<T>.invoke(): T:
  Unresolved reference. None of the following candidates is applicable because of a receiver type mismatch:
fun <T> Closure<T>.invoke(): T

fun <T> Closure<T>.invoke(x: Any?): T:
  Unresolved reference. None of the following candidates is applicable because of a receiver type mismatch:
fun <T> Closure<T>.invoke(x: Any?): T

fun <T> Closure<T>.invoke(vararg xs: Any?): T:
  Unresolved reference. None of the following candidates is applicable because of a receiver type mismatch:
fun <T> Closure<T>.invoke(vararg xs: Any?): T
e: file:///C:/Users/gomin/AndroidStudioProjects/lessonschedule/app/build.gradle.kts:12:19: Unresolved reference. None o
f the following candidates is applicable because of a receiver type mismatch:
fun NamedDomainObjectContainer<ApplicationBuildType>.release(action: ApplicationBuildType.() -> Unit): Unit
e: file:///C:/Users/gomin/AndroidStudioProjects/lessonschedule/app/build.gradle.kts:13:13: Unresolved reference 'minorA
piLevel'.
w: file:///C:/Users/gomin/AndroidStudioProjects/lessonschedule/app/build.gradle.kts:40:5: 'fun BaseAppModuleExtension.kotlinOptions(configure: Action<KotlinJvmOptions>): Unit' is deprecated. The kotlinOptions types are deprecated, please migrate to the compilerOptions types. More details are here: https://kotl.in/u1r8ln.

[Incubating] Problems report is available at: file:///C:/Users/gomin/AndroidStudioProjects/lessonschedule/build/reports/problems/problems-report.html

FAILURE: Build failed with an exception.

* Where:
Build file 'C:\Users\gomin\AndroidStudioProjects\lessonschedule\app\build.gradle.kts' line: 11

* What went wrong:
Script compilation errors:

  Line 11:     compileSdk {
               ^ None of the following candidates is applicable:
                 
                   fun <T : Any> Action<in T>.invoke(target: T): Unit:
                     Unresolved reference. None of the following candidates is applicable because of a receiver type mi
smatch:
                   fun <T : Any> Action<in T>.invoke(target: T): Unit
                 
                   fun ArtifactHandler.invoke(configuration: ArtifactHandlerScope.() -> Unit): Unit:
                     Unresolved reference. None of the following candidates is applicable because of a receiver type mi
smatch:
                   fun ArtifactHandler.invoke(configuration: ArtifactHandlerScope.() -> Unit): Unit
                 
                   fun <V> Callable<V>.invoke(): V:
                     Unresolved reference. None of the following candidates is applicable because of a receiver type mi
smatch:
                   fun <V> Callable<V>.invoke(): V
                 
                   fun <D : ModuleDependency> DependencyModifier.invoke(dependency: D): D:
                     Unresolved reference. None of the following candidates is applicable because of a receiver type mi
smatch:
                   fun <D : ModuleDependency> DependencyModifier.invoke(dependency: D): D
                 
                   fun DependencyModifier.invoke(dependencyNotation: CharSequence): ExternalModuleDependency:
                     Unresolved reference. None of the following candidates is applicable because of a receiver type mi
smatch:
                   fun DependencyModifier.invoke(dependencyNotation: CharSequence): ExternalModuleDependency
                 
                   fun DependencyModifier.invoke(dependency: Provider<out ModuleDependency>): Provider<out ModuleDepend
ency>:
                     Unresolved reference. None of the following candidates is applicable because of a receiver type mi
smatch:
                   fun DependencyModifier.invoke(dependency: Provider<out ModuleDependency>): Provider<out ModuleDepend
ency>
                 
                   fun DependencyCollector.invoke(dependencyNotation: CharSequence): Unit:
                     Unresolved reference. None of the following candidates is applicable because of a receiver type mi
smatch:
                   fun DependencyCollector.invoke(dependencyNotation: CharSequence): Unit
                 
                   fun DependencyCollector.invoke(files: FileCollection): Unit:
                     Unresolved reference. None of the following candidates is applicable because of a receiver type mi
smatch:
                   fun DependencyCollector.invoke(files: FileCollection): Unit
                 
                   fun DependencyCollector.invoke(dependency: Dependency): Unit:
                     Unresolved reference. None of the following candidates is applicable because of a receiver type mi
smatch:
                   fun DependencyCollector.invoke(dependency: Dependency): Unit
                 
                   fun DependencyCollector.invoke(dependency: Provider<out Dependency>): Unit:
                     Unresolved reference. None of the following candidates is applicable because of a receiver type mi
smatch:
                   fun DependencyCollector.invoke(dependency: Provider<out Dependency>): Unit
                 
                   fun DependencyCollector.invoke(dependencyConstraint: DependencyConstraint): Unit:
                     Unresolved reference. None of the following candidates is applicable because of a receiver type mi
smatch:
                   fun DependencyCollector.invoke(dependencyConstraint: DependencyConstraint): Unit
                 
                   fun DependencyCollector.invoke(dependencyConstraint: Provider<out DependencyConstraint>): Unit:
                     Unresolved reference. None of the following candidates is applicable because of a receiver type mi
smatch:
                   fun DependencyCollector.invoke(dependencyConstraint: Provider<out DependencyConstraint>): Unit
                 
                   fun DependencyConstraintHandler.invoke(configuration: DependencyConstraintHandlerScope.() -> Unit): 
Unit:
                     Unresolved reference. None of the following candidates is applicable because of a receiver type mi
smatch:
                   fun DependencyConstraintHandler.invoke(configuration: DependencyConstraintHandlerScope.() -> Unit): 
Unit
                 
                   fun <T> ExtraPropertiesExtension.invoke(initialValueProvider: () -> T): InitialValueExtraPropertyDel
egateProvider<T>:
                     Unresolved reference. None of the following candidates is applicable because of a receiver type mi
smatch:
                   fun <T> ExtraPropertiesExtension.invoke(initialValueProvider: () -> T): InitialValueExtraPropertyDel
egateProvider<T>
                 
                   fun <T> ExtraPropertiesExtension.invoke(initialValue: T): InitialValueExtraPropertyDelegateProvider<
T>:
                     Unresolved reference. None of the following candidates is applicable because of a receiver type mi
smatch:
                   fun <T> ExtraPropertiesExtension.invoke(initialValue: T): InitialValueExtraPropertyDelegateProvider<
T>
                 
                   fun <T> Closure<T>.invoke(): T:
                     Unresolved reference. None of the following candidates is applicable because of a receiver type mi
smatch:
                   fun <T> Closure<T>.invoke(): T
                 
                   fun <T> Closure<T>.invoke(x: Any?): T:
                     Unresolved reference. None of the following candidates is applicable because of a receiver type mi
smatch:
                   fun <T> Closure<T>.invoke(x: Any?): T
                 
                   fun <T> Closure<T>.invoke(vararg xs: Any?): T:
                     Unresolved reference. None of the following candidates is applicable because of a receiver type mi
smatch:
                   fun <T> Closure<T>.invoke(vararg xs: Any?): T

  Line 12:         version = release(36) {
                             ^ Unresolved reference. None of the following candidates is applicable because of a receiv
er type mismatch:
                                 fun NamedDomainObjectContainer<ApplicationBuildType>.release(action: ApplicationBuildT
ype.() -> Unit): Unit

  Line 13:             minorApiLevel = 1
                       ^ Unresolved reference 'minorApiLevel'.

  Line 40:     kotlinOptions {
               ^ 'fun BaseAppModuleExtension.kotlinOptions(configure: Action<KotlinJvmOptions>): Unit' is deprecated. T
he kotlinOptions types are deprecated, please migrate to the compilerOptions types. More details are here: https://kotl
.in/u1r8ln.

4 errors

* Try:
> Run with --stacktrace option to get the stack trace.
> Run with --info or --debug option to get more log output.
> Run with --scan to get full insights from a Build Scan (powered by Develocity).
> Get more help at https://help.gradle.org.

Deprecated Gradle features were used in this build, making it incompatible with Gradle 10.

You can use '--warning-mode all' to show the individual deprecation warnings and determine if they come from your own scripts or plugins.

For more on this, please refer to https://docs.gradle.org/9.4.1/userguide/command_line_interface.html#sec:command_line_warnings in the Gradle documentation.

BUILD FAILED in 1s
